// Jest Snapshot v1, https://goo.gl/fbAQLP

exports[`<App /> Should render correctly 1`] = `
<div
  className="main-container"
>
  <form>
    Have a question? Search for answers
  </form>
</div>
`;
